------------------------------------------------------------
TimeQuest Timing Analyzer Summary
------------------------------------------------------------

Type  : Slow 1100mV 85C Model Setup 'CLOCK_50'
Slack : -1.387
TNS   : -7.129

Type  : Slow 1100mV 85C Model Hold 'CLOCK_50'
Slack : 0.337
TNS   : 0.000

Type  : Slow 1100mV 85C Model Minimum Pulse Width 'CLOCK_50'
Slack : -0.394
TNS   : -8.502

Type  : Slow 1100mV 0C Model Setup 'CLOCK_50'
Slack : -1.397
TNS   : -6.936

Type  : Slow 1100mV 0C Model Hold 'CLOCK_50'
Slack : 0.319
TNS   : 0.000

Type  : Slow 1100mV 0C Model Minimum Pulse Width 'CLOCK_50'
Slack : -0.394
TNS   : -7.772

Type  : Fast 1100mV 85C Model Setup 'CLOCK_50'
Slack : -0.339
TNS   : -1.445

Type  : Fast 1100mV 85C Model Hold 'CLOCK_50'
Slack : 0.182
TNS   : 0.000

Type  : Fast 1100mV 85C Model Minimum Pulse Width 'CLOCK_50'
Slack : -0.395
TNS   : -6.160

Type  : Fast 1100mV 0C Model Setup 'CLOCK_50'
Slack : -0.264
TNS   : -1.058

Type  : Fast 1100mV 0C Model Hold 'CLOCK_50'
Slack : 0.172
TNS   : 0.000

Type  : Fast 1100mV 0C Model Minimum Pulse Width 'CLOCK_50'
Slack : -0.432
TNS   : -7.372

------------------------------------------------------------
